[0m20:19:34.771075 [debug] [MainThread]: Sending event: {'category': 'dbt', 'action': 'invocation', 'label': 'start', 'context': [<snowplow_tracker.self_describing_json.SelfDescribingJson object at 0x7fca5acb4a30>, <snowplow_tracker.self_describing_json.SelfDescribingJson object at 0x7fca5b5114e0>, <snowplow_tracker.self_describing_json.SelfDescribingJson object at 0x7fca58b680a0>]}


============================== 20:19:34.779472 | 60df4099-eff7-4b1c-8f68-76fec736468d ==============================
[0m20:19:34.779472 [info ] [MainThread]: Running with dbt=1.7.19
[0m20:19:34.781829 [debug] [MainThread]: running dbt with arguments {'printer_width': '80', 'indirect_selection': 'eager', 'log_cache_events': 'False', 'write_json': 'True', 'partial_parse': 'True', 'cache_selected_only': 'False', 'profiles_dir': '/root/.dbt', 'version_check': 'True', 'debug': 'False', 'log_path': 'logs', 'fail_fast': 'False', 'warn_error': 'None', 'use_colors': 'True', 'use_experimental_parser': 'False', 'no_print': 'None', 'quiet': 'False', 'warn_error_options': 'WarnErrorOptions(include=[], exclude=[])', 'introspect': 'True', 'invocation_command': 'dbt init resturant_project', 'log_format': 'default', 'target_path': 'None', 'static_parser': 'True', 'send_anonymous_usage_stats': 'True'}
[0m20:19:35.197536 [warn ] [MainThread]: [ConfigFolderDirectory]: Unable to parse dict {'dir': PosixPath('/root/.dbt')}
[0m20:19:35.209394 [info ] [MainThread]: Creating dbt configuration folder at 
[0m20:19:35.220087 [debug] [MainThread]: Starter project path: /usr/local/lib/python3.10/site-packages/dbt/include/starter_project
[0m20:19:35.414725 [info ] [MainThread]: 
Your new dbt project "resturant_project" was created!

For more information on how to configure the profiles.yml file,
please consult the dbt documentation here:

  https://docs.getdbt.com/docs/configure-your-profile

One more thing:

Need help? Don't hesitate to reach out to us via GitHub issues or on Slack:

  https://community.getdbt.com/

Happy modeling!

[0m20:19:35.418128 [info ] [MainThread]: Setting up your profile.
[0m20:34:23.954803 [info ] [MainThread]: Profile resturant_project written to /root/.dbt/profiles.yml using target's profile_template.yml and your supplied values. Run 'dbt debug' to validate the connection.
[0m20:34:23.959549 [debug] [MainThread]: Resource report: {"command_name": "init", "command_success": true, "command_wall_clock_time": 889.4078, "process_user_time": 4.03113, "process_kernel_time": 0.490919, "process_mem_max_rss": "197760", "process_in_blocks": "2208", "process_out_blocks": "1040"}
[0m20:34:23.961805 [debug] [MainThread]: Command `dbt init` succeeded at 20:34:23.961488 after 889.41 seconds
[0m20:34:23.963498 [debug] [MainThread]: Sending event: {'category': 'dbt', 'action': 'invocation', 'label': 'end', 'context': [<snowplow_tracker.self_describing_json.SelfDescribingJson object at 0x7fca5acb4a30>, <snowplow_tracker.self_describing_json.SelfDescribingJson object at 0x7fca3f3620e0>, <snowplow_tracker.self_describing_json.SelfDescribingJson object at 0x7fca58b6b7f0>]}
[0m20:34:23.965182 [debug] [MainThread]: Flushing usage events
